// Jest Snapshot v1, https://goo.gl/fbAQLP

exports[`Header renders correctly 1`] = `
.c0 {
  line-height: 4rem;
  margin-bottom: 4rem;
  margin-top: 1rem;
}

.c1 {
  margin: 0;
  display: inline-block;
}

.c2 {
  color: #683b2b;
  -webkit-text-decoration: none;
  text-decoration: none;
  font-family: 'Nunito Sans';
  font-weight: 900;
  font-size: 5.5rem;
  text-transform: lowercase;
}

.c2:hover,
.c2:focus {
  color: #935c48;
}

.c3 {
  display: inline-block;
}

.c4 {
  -webkit-text-decoration: none;
  text-decoration: none;
}

.c4:hover,
.c4:active,
.c4:visited,
.c4:focus {
  -webkit-text-decoration: underline;
  text-decoration: underline;
  -webkit-text-decoration-color: #d5e6ea;
  text-decoration-color: #d5e6ea;
}

.c4:hover > span,
.c4:focus > span,
.c4:hover > span::after,
.c4:focus > span::after {
  background: #1d6177;
}

.c4 > span {
  padding: 1rem;
  margin-left: 20px;
  background: #022a37;
  border-radius: 0.5rem;
  color: #faf6f2;
  vertical-align: text-bottom;
  position: relative;
  z-index: 1;
  font-size: 2.5rem;
}

.c4 > span::after {
  content: '';
  position: absolute;
  top: 50%;
  left: -5px;
  width: 15px;
  height: 15px;
  margin: -7px 0;
  background: #022a37;
  -webkit-transform: rotate(45deg);
  -ms-transform: rotate(45deg);
  transform: rotate(45deg);
  z-index: -1;
}

.c6 {
  padding: 0.75rem;
}

.c6:first-child {
  margin-left: -0.75rem;
}

.c5 {
  display: block;
  margin-top: 1rem;
}

@media (max-width:NaNpx) {
  .c0 {
    text-align: center;
  }
}

@media (max-width:NaNpx) {
  .c3 {
    margin-top: 2rem;
    display: block;
  }

  .c3 > a > span {
    margin-left: 0;
  }

  .c3 > a > span::after {
    top: 0;
    left: 15px;
  }
}

<div
  className="c0"
>
  <h1
    className="c1 title"
  >
    <a
      className="c2 title-link"
      href="/"
    >
      Stacy Harrison
    </a>
  </h1>
  <span
    className="c3"
  >
    <a
      className="c4 handle-tag"
      href="https://github.com/stasquatch"
      rel="noopener noreferrer"
      target="_blank"
    >
      <span>
        @stasquatch
      </span>
    </a>
  </span>
  <nav
    className="c5"
  >
    <a
      className="c6"
      href="/about"
    >
      About
    </a>
    <a
      className="c6"
      href="/html5-series"
    >
      HTML5 Series
    </a>
  </nav>
</div>
`;
