// Jest Snapshot v1, https://goo.gl/fbAQLP

exports[`Header renders correctly 1`] = `
.c0 {
  line-height: 4rem;
  margin-bottom: 4rem;
  margin-top: 1rem;
}

.c1 {
  margin: 0;
  display: inline-block;
}

.c2 {
  color: #683b2b;
  -webkit-text-decoration: none;
  text-decoration: none;
  font-family: "Nunito Sans";
  font-weight: 900;
  font-size: 5.5rem;
  text-transform: lowercase;
}

.c3 {
  display: inline-block;
}

.c3 > span {
  padding: 1rem;
  margin-left: 20px;
  background: #d49e8d;
  border-radius: .5rem;
  color: #faf6f2;
  vertical-align: text-bottom;
  position: relative;
  z-index: 1;
  font-size: 2.5rem;
}

.c3 > span::after {
  content: '';
  position: absolute;
  top: 50%;
  left: -5px;
  width: 15px;
  height: 15px;
  margin: -7px 0;
  background: #d49e8d;
  -webkit-transform: rotate(45deg);
  -ms-transform: rotate(45deg);
  transform: rotate(45deg);
  z-index: -1;
}

@media (max-width:NaNpx) {
  .c3 {
    margin-top: 1.2rem;
    display: block;
  }

  .c3 > span {
    margin-left: 0;
  }

  .c3 > span::after {
    top: 0;
    left: 15px;
  }
}

<div
  className="c0"
>
  <h1
    className="c1 title"
  >
    <a
      className="c2 title-link"
      href="/"
    >
      Stacy Harrison
    </a>
  </h1>
  <span
    className="c3 handle-tag"
  >
    <span>
      @stasquatch
    </span>
  </span>
</div>
`;
